1 8.8.8.8 1.1.1.1 0 0.0256253844 922c392f d1e4cc1c
2 8.8.8.8 1.1.1.1 1 0.0256253844 922c392f d1e4f305